------------------------------------------------------------
Creo Simulate Structure Version P-90-47:spg
Summary for Design Study "Analysis1"
Tue Nov 22, 2022   12:16:21
------------------------------------------------------------

Run Settings
   Memory allocation for block solver: 512.0     

Parallel Processing Status
   Parallel task limit for current run:            8
   Parallel task limit for current platform:      64
   Number of processors detected automatically:    8

Checking the model before creating elements...
These checks take into account the fact that AutoGEM will
automatically create elements in volumes with material
properties, on surfaces with shell properties, and on curves
with beam section properties.
   Generate elements automatically.
Checking the model after creating elements...
No errors were found in the model.
Creo Simulate Structure Model Summary

   Principal System of Units: Inch lbm Second (Creo Parametric Default)

   Length:          in
   Mass:            lbm
   Time:            sec
   Temperature:     F

   Model Type: Three Dimensional

   Points:                823
   Edges:                3684
   Faces:                4915

   Springs:                 0
   Masses:                  0
   Beams:                   0
   Shells:                  0
   Solids:               2060

   Elements:             2060

------------------------------------------------------------

Standard Design Study

Static Analysis "Analysis1":

   Convergence Method: Single-Pass Adaptive
   Plotting Grid:      4

   Convergence Loop Log:                         (12:16:22)

   >> Pass  1 <<
         Calculating Element Equations           (12:16:22)
            Total Number of Equations:   38812
            Maximum Edge Order:              3
         Solving Equations                       (12:16:22)
         Post-Processing Solution                (12:16:23)
         Checking Convergence                    (12:16:24)
         Resource Check                          (12:16:24)
            Elapsed Time     (sec):       3.21
            CPU Time         (sec):       3.88
            Memory Usage      (kb):     636235
            Wrk Dir Dsk Usage (kb):      40960

   >> Pass  2 <<
         Calculating Element Equations           (12:16:24)
            Total Number of Equations:   39445
            Maximum Edge Order:              4
         Solving Equations                       (12:16:24)
         Post-Processing Solution                (12:16:24)
         Checking Convergence                    (12:16:25)
         Calculating Disp and Stress Results     (12:16:25)

         RMS Stress Error Estimates:

         Load Set          Stress Error  % of Max Prin Str
         ----------------  ------------  -----------------
         LoadSet1           1.08e+05       0.5% of  2.14e+07

         Resource Check                          (12:16:26)
            Elapsed Time     (sec):       5.13
            CPU Time         (sec):       6.05
            Memory Usage      (kb):     674395
            Wrk Dir Dsk Usage (kb):      40960

   Total Mass of Model:  1.298171e-01

   Total Cost of Model:  0.000000e+00

   Mass Moments of Inertia about WCS Origin:

     Ixx:   2.53492e-01
     Ixy:   3.23810e-01  Iyy:   8.54400e-01
     Ixz:   6.82358e-02  Iyz: -1.91941e-02  Izz:   1.08620e+00

   Principal MMOI and Principal Axes Relative to WCS Origin:

            Max Prin           Mid Prin           Min Prin
            1.09220e+00         9.94708e-01         1.07180e-01

   WCS X:   1.05040e-01         3.90652e-01         9.14526e-01
   WCS Y:   6.29235e-02         9.15160e-01       -3.98150e-01
   WCS Z:   9.92475e-01       -9.93667e-02       -7.15470e-02

   Center of Mass Location Relative to WCS Origin:
                  (-2.10252e+00,   5.91421e-01,   2.50000e-01)

   Mass Moments of Inertia about the Center of Mass:

     Ixx:   1.99971e-01
     Ixy:   1.62385e-01  Iyy:   2.72417e-01
     Ixz: -5.51961e-11  Iyz: -3.93427e-12  Izz:   4.66918e-01

   Principal MMOI and Principal Axes Relative to COM:

            Max Prin           Mid Prin           Min Prin
            4.66918e-01         4.02571e-01         6.98179e-02

   WCS X: -4.45146e-10         6.25413e-01         7.80294e-01
   WCS Y: -3.91872e-10         7.80294e-01       -6.25413e-01
   WCS Z:   1.00000e+00         5.84176e-10         1.02263e-10

   Constraint Set: ConstraintSet1: COLLECTOR_HINGE2CHASSIS_GJS

   Load Set: LoadSet1: COLLECTOR_HINGE2CHASSIS_GJS

      Resultant Load on Model:
         in global X direction:  6.030073e-08
         in global Y direction: -1.930443e+04
         in global Z direction:  4.942085e-09

      Measures:

      max_beam_bending:    0.000000e+00
      max_beam_tensile:    0.000000e+00
      max_beam_torsion:    0.000000e+00
      max_beam_total:      0.000000e+00
      max_disp_mag:        1.368959e-02
      max_disp_x:        -6.787484e-03
      max_disp_y:        -1.206099e-02
      max_disp_z:        -9.195678e-05
      max_prin_mag*:       2.137330e+07
      max_rot_mag:         0.000000e+00
      max_rot_x:           0.000000e+00
      max_rot_y:           0.000000e+00
      max_rot_z:           0.000000e+00
      max_stress_prin*:    2.137330e+07
      max_stress_vm*:      1.509151e+07
      max_stress_xx*:      1.811250e+07
      max_stress_xy*:      6.278945e+06
      max_stress_xz*:      5.557601e+06
      max_stress_yy*:      9.280002e+06
      max_stress_yz*:      3.037336e+06
      max_stress_zz*:      8.431290e+06
      min_stress_prin*:  -1.110145e+07
      strain_energy:       1.131925e+02

   ** Warning: The measures marked by an asterisk (*) were evaluated 
   at (or close to) results singularities. The values of these  
   measures may be inaccurate, and you must use engineering judgment 
   when interpreting them.

Analysis "Analysis1" Completed  (12:16:26)

------------------------------------------------------------

Memory and Disk Usage:

   Machine Type: Windows 64 
   RAM Allocation for Solver (megabytes): 512.0

   Total Elapsed Time (seconds): 5.22      
   Total CPU Time     (seconds): 6.12      
   Maximum Memory Usage (kilobytes): 674395    
   Working Directory Disk Usage (kilobytes): 40960     

   Results Directory Size (kilobytes):
   19459 .\Analysis1

------------------------------------------------------------
Run Completed
Tue Nov 22, 2022   12:16:26
------------------------------------------------------------
